SQL> SELECT * FROM EMP;

     EMPNO ENAME      JOB              MGR HIREDATE         SAL       COMM     DEPTNO                                                                                                                                                                                                                                                                                                                                                                                                                                                                                                                                                                                                                                                                                                                                                                                                                                                                                                                                                   
---------- ---------- --------- ---------- --------- ---------- ---------- ----------                                                                                                                                                                                                                                                                                                                                                                                                                                                                                                                                                                                                                                                                                                                                                                                                                                                                                                                                                   
      7369 SMITH      CLERK           7902 17-DEC-80        800                    20                                                                                                                                                                                                                                                                                                                                                                                                                                                                                                                                                                                                                                                                                                                                                                                                                                                                                                                                                   
      7499 ALLEN      SALESMAN        7698 20-FEB-81       1600        300         30                                                                                                                                                                                                                                                                                                                                                                                                                                                                                                                                                                                                                                                                                                                                                                                                                                                                                                                                                   
      7521 WARD       SALESMAN        7698 22-FEB-81       1250        500         30                                                                                                                                                                                                                                                                                                                                                                                                                                                                                                                                                                                                                                                                                                                                                                                                                                                                                                                                                   
      7566 JONES      MANAGER         7839 02-APR-81       2975                    20                                                                                                                                                                                                                                                                                                                                                                                                                                                                                                                                                                                                                                                                                                                                                                                                                                                                                                                                                   
      7654 MARTIN     SALESMAN        7698 28-SEP-81       1250       1400         30                                                                                                                                                                                                                                                                                                                                                                                                                                                                                                                                                                                                                                                                                                                                                                                                                                                                                                                                                   
      7698 BLAKE      MANAGER         7839 01-MAY-81       2850                    30                                                                                                                                                                                                                                                                                                                                                                                                                                                                                                                                                                                                                                                                                                                                                                                                                                                                                                                                                   
      7782 CLARK      MANAGER         7839 09-JUN-81       2450                    10                                                                                                                                                                                                                                                                                                                                                                                                                                                                                                                                                                                                                                                                                                                                                                                                                                                                                                                                                   
      7788 SCOTT      ANALYST         7566 19-APR-87       3000                    20                                                                                                                                                                                                                                                                                                                                                                                                                                                                                                                                                                                                                                                                                                                                                                                                                                                                                                                                                   
      7839 KING       PRESIDENT            17-NOV-81       5000                    10                                                                                                                                                                                                                                                                                                                                                                                                                                                                                                                                                                                                                                                                                                                                                                                                                                                                                                                                                   
      7844 TURNER     SALESMAN        7698 08-SEP-81       1500          0         30                                                                                                                                                                                                                                                                                                                                                                                                                                                                                                                                                                                                                                                                                                                                                                                                                                                                                                                                                   
      7876 ADAMS      CLERK           7788 23-MAY-87       1100                    20                                                                                                                                                                                                                                                                                                                                                                                                                                                                                                                                                                                                                                                                                                                                                                                                                                                                                                                                                   
      7900 JAMES      CLERK           7698 03-DEC-81        950                    30                                                                                                                                                                                                                                                                                                                                                                                                                                                                                                                                                                                                                                                                                                                                                                                                                                                                                                                                                   
      7902 FORD       ANALYST         7566 03-DEC-81       3000                    20                                                                                                                                                                                                                                                                                                                                                                                                                                                                                                                                                                                                                                                                                                                                                                                                                                                                                                                                                   
      7934 MILLER     CLERK           7782 23-JAN-82       1300                    10                                                                                                                                                                                                                                                                                                                                                                                                                                                                                                                                                                                                                                                                                                                                                                                                                                                                                                                                                   

14 rows selected.

SQL> SELECT * FROM DEPT;

    DEPTNO DNAME          LOC                                                                                                                                                                                                                                                                                                                                                                                                                                                                                                                                                                                                                                                                                                                                                                                                                                                                                                                                                                                                           
---------- -------------- -------------                                                                                                                                                                                                                                                                                                                                                                                                                                                                                                                                                                                                                                                                                                                                                                                                                                                                                                                                                                                                 
        10 ACCOUNTING     NEW YORK                                                                                                                                                                                                                                                                                                                                                                                                                                                                                                                                                                                                                                                                                                                                                                                                                                                                                                                                                                                                      
        20 RESEARCH       DALLAS                                                                                                                                                                                                                                                                                                                                                                                                                                                                                                                                                                                                                                                                                                                                                                                                                                                                                                                                                                                                        
        30 SALES          CHICAGO                                                                                                                                                                                                                                                                                                                                                                                                                                                                                                                                                                                                                                                                                                                                                                                                                                                                                                                                                                                                       
        40 OPERATIONS     BOSTON                                                                                                                                                                                                                                                                                                                                                                                                                                                                                                                                                                                                                                                                                                                                                                                                                                                                                                                                                                                                        

SQL> 
SQL> -- Q1: WAQTD 2ND MINIMUM SALARY
SQL> SELECT MIN(SAL)
  2  FROM EMP
  3  WHERE SAL >
  4        (SELECT MIN(SAL) FROM EMP);

  MIN(SAL)                                                                                                                                                                                                                                                                                                                                                                                                                                                                                                                                                                                                                                                                                                                                                                                                                                                                                                                                                                                                                              
----------                                                                                                                                                                                                                                                                                                                                                                                                                                                                                                                                                                                                                                                                                                                                                                                                                                                                                                                                                                                                                              
       950                                                                                                                                                                                                                                                                                                                                                                                                                                                                                                                                                                                                                                                                                                                                                                                                                                                                                                                                                                                                                              

SQL> 
SQL> -- Q2: WAQTD 5TH MAXIMUM SALARY
SQL> SELECT MIN(SAL)
  2  FROM EMP
  3  WHERE SAL IN (
  4        SELECT DISTINCT SAL
  5        FROM EMP
  6        WHERE SAL < (
  7              SELECT MIN(SAL)
  8              FROM (
  9                    SELECT DISTINCT SAL
 10                    FROM EMP
 11                    ORDER BY SAL DESC
 12                    FETCH FIRST 4 ROWS ONLY
 13              )
 14        )
 15  );
                  FETCH FIRST 4 ROWS ONLY
                  *
ERROR at line 12:
ORA-00907: missing right parenthesis 


SQL> -- Q2: WAQTD 5TH MAXIMUM SALARY (USING 4 SUB QUERIES)
SQL> SELECT MAX(SAL)
  2  FROM EMP
  3  WHERE SAL < (
  4        SELECT MAX(SAL)
  5        FROM EMP
  6        WHERE SAL < (
  7              SELECT MAX(SAL)
  8              FROM EMP
  9              WHERE SAL < (
 10                    SELECT MAX(SAL)
 11                    FROM EMP
 12                    WHERE SAL < (
 13                          SELECT MAX(SAL)
 14                          FROM EMP
 15                    )
 16              )
 17        )
 18  );

  MAX(SAL)                                                                                                                                                                                                                                                                                                                                                                                                                                                                                                                                                                                                                                                                                                                                                                                                                                                                                                                                                                                                                              
----------                                                                                                                                                                                                                                                                                                                                                                                                                                                                                                                                                                                                                                                                                                                                                                                                                                                                                                                                                                                                                              
      2450                                                                                                                                                                                                                                                                                                                                                                                                                                                                                                                                                                                                                                                                                                                                                                                                                                                                                                                                                                                                                              

SQL> -- Q3: WAQTD NAME OF THE EMPLOYEE EARNING 3RD MAXIMUM SALARY
SQL> SELECT ENAME
  2  FROM EMP
  3  WHERE SAL =
  4        (SELECT MIN(SAL)
  5         FROM (
  6              SELECT DISTINCT SAL
  7              FROM EMP
  8              WHERE SAL < (
  9                    SELECT MAX(SAL)
 10                    FROM EMP
 11                    WHERE SAL < (
 12                          SELECT MAX(SAL) FROM EMP
 13                    )
 14              )
 15         ));

ENAME                                                                                                                                                                                                                                                                                                                                                                                                                                                                                                                                                                                                                                                                                                                                                                                                                                                                                                                                                                                                                                   
----------                                                                                                                                                                                                                                                                                                                                                                                                                                                                                                                                                                                                                                                                                                                                                                                                                                                                                                                                                                                                                              
SMITH                                                                                                                                                                                                                                                                                                                                                                                                                                                                                                                                                                                                                                                                                                                                                                                                                                                                                                                                                                                                                                   

SQL> 
SQL> -- Q4: WAQTD EMPNO OF THE EMPLOYEE EARNING 2ND MAXIMUM SALARY
SQL> SELECT EMPNO
  2  FROM EMP
  3  WHERE SAL =
  4        (SELECT MAX(SAL)
  5         FROM EMP
  6         WHERE SAL < (
  7               SELECT MAX(SAL) FROM EMP
  8         ));

     EMPNO                                                                                                                                                                                                                                                                                                                                                                                                                                                                                                                                                                                                                                                                                                                                                                                                                                                                                                                                                                                                                              
----------                                                                                                                                                                                                                                                                                                                                                                                                                                                                                                                                                                                                                                                                                                                                                                                                                                                                                                                                                                                                                              
      7788                                                                                                                                                                                                                                                                                                                                                                                                                                                                                                                                                                                                                                                                                                                                                                                                                                                                                                                                                                                                                              
      7902                                                                                                                                                                                                                                                                                                                                                                                                                                                                                                                                                                                                                                                                                                                                                                                                                                                                                                                                                                                                                              

SQL> 
SQL> -- Q5: WAQTD DEPARTMENT NAME OF AN EMPLOYEE GETTING 4TH MAX SAL
SQL> SELECT DNAME
  2  FROM DEPT
  3  WHERE DEPTNO =
  4        (SELECT DEPTNO
  5         FROM EMP
  6         WHERE SAL =
  7               (SELECT MAX(SAL)
  8                FROM EMP
  9                WHERE SAL < (
 10                      SELECT MAX(SAL)
 11                      FROM EMP
 12                      WHERE SAL < (
 13                            SELECT MAX(SAL)
 14                            FROM EMP
 15                            WHERE SAL < (
 16                                  SELECT MAX(SAL)
 17                                  FROM EMP
 18                            )
 19                      )
 20                )
 21         )
 22  );

DNAME                                                                                                                                                                                                                                                                                                                                                                                                                                                                                                                                                                                                                                                                                                                                                                                                                                                                                                                                                                                                                                   
--------------                                                                                                                                                                                                                                                                                                                                                                                                                                                                                                                                                                                                                                                                                                                                                                                                                                                                                                                                                                                                                          
SALES                                                                                                                                                                                                                                                                                                                                                                                                                                                                                                                                                                                                                                                                                                                                                                                                                                                                                                                                                                                                                                   

SQL> 
SQL> -- Q6: WAQTD DETAILS OF THE EMPLOYEE WHO WAS HIRED 2ND
SQL> SELECT *
  2  FROM EMP
  3  WHERE HIREDATE =
  4        (SELECT MIN(HIREDATE)
  5         FROM EMP
  6         WHERE HIREDATE >
  7               (SELECT MIN(HIREDATE) FROM EMP));

     EMPNO ENAME      JOB              MGR HIREDATE         SAL       COMM     DEPTNO                                                                                                                                                                                                                                                                                                                                                                                                                                                                                                                                                                                                                                                                                                                                                                                                                                                                                                                                                   
---------- ---------- --------- ---------- --------- ---------- ---------- ----------                                                                                                                                                                                                                                                                                                                                                                                                                                                                                                                                                                                                                                                                                                                                                                                                                                                                                                                                                   
      7499 ALLEN      SALESMAN        7698 20-FEB-81       1600        300         30                                                                                                                                                                                                                                                                                                                                                                                                                                                                                                                                                                                                                                                                                                                                                                                                                                                                                                                                                   

SQL> 
SQL> -- Q7: WAQTD NAME OF THE EMPLOYEE HIRED BEFORE THE LAST EMPLOYEE
SQL> SELECT ENAME
  2  FROM EMP
  3  WHERE HIREDATE =
  4        (SELECT MAX(HIREDATE)
  5         FROM EMP
  6         WHERE HIREDATE <
  7               (SELECT MAX(HIREDATE) FROM EMP));

ENAME                                                                                                                                                                                                                                                                                                                                                                                                                                                                                                                                                                                                                                                                                                                                                                                                                                                                                                                                                                                                                                   
----------                                                                                                                                                                                                                                                                                                                                                                                                                                                                                                                                                                                                                                                                                                                                                                                                                                                                                                                                                                                                                              
SCOTT                                                                                                                                                                                                                                                                                                                                                                                                                                                                                                                                                                                                                                                                                                                                                                                                                                                                                                                                                                                                                                   

SQL> 
SQL> -- Q8: WAQTD LOC OF THE EMPLOYEE WHO WAS HIRED FIRST
SQL> SELECT LOC
  2  FROM DEPT
  3  WHERE DEPTNO =
  4        (SELECT DEPTNO
  5         FROM EMP
  6         WHERE HIREDATE =
  7               (SELECT MIN(HIREDATE) FROM EMP));

LOC                                                                                                                                                                                                                                                                                                                                                                                                                                                                                                                                                                                                                                                                                                                                                                                                                                                                                                                                                                                                                                     
-------------                                                                                                                                                                                                                                                                                                                                                                                                                                                                                                                                                                                                                                                                                                                                                                                                                                                                                                                                                                                                                           
DALLAS                                                                                                                                                                                                                                                                                                                                                                                                                                                                                                                                                                                                                                                                                                                                                                                                                                                                                                                                                                                                                                  

SQL> 
SQL> -- Q9: WAQTD DETAILS OF THE EMPLOYEE EARNING 7TH MINIMUM SALARY
SQL> SELECT *
  2  FROM EMP
  3  WHERE SAL =
  4        (SELECT MIN(SAL)
  5         FROM EMP
  6         WHERE SAL >
  7               (SELECT MIN(SAL)
  8                FROM EMP
  9                WHERE SAL >
 10                      (SELECT MIN(SAL)
 11                       FROM EMP
 12                       WHERE SAL >
 13                             (SELECT MIN(SAL)
 14                              FROM EMP
 15                              WHERE SAL >
 16                                    (SELECT MIN(SAL)
 17                                     FROM EMP
 18                                     WHERE SAL >
 19                                           (SELECT MIN(SAL)
 20                                            FROM EMP
 21                                           )
 22                                    )
 23                             )
 24                      )
 25                )
 26         )
 27  );
)
*
ERROR at line 27:
ORA-00933: SQL command not properly ended 


SQL> -- NOT ABLE TO DO 9TH QUERY
SQL> 
SQL> -- Q10: WAQTD DNAME OF EMPLOYEE GETTING 2ND MAXIMUM SALARY
SQL> SELECT DNAME
  2  FROM DEPT
  3  WHERE DEPTNO =
  4        (SELECT DEPTNO
  5         FROM EMP
  6         WHERE SAL =
  7               (SELECT MAX(SAL)
  8                FROM EMP
  9                WHERE SAL <
 10                      (SELECT MAX(SAL) FROM EMP)));
      (SELECT DEPTNO
       *
ERROR at line 4:
ORA-01427: single-row subquery returns more than one row 


SQL> SELECT DNAME
  2  FROM DEPT
  3  WHERE DEPTNO = (SELECT DEPENO FROM EMP WHERE SAL = (SELECT MAX(SAL) FROM EMP WHERE SAL < (SELECT MAX(SAL) FROM EMP)));
WHERE DEPTNO = (SELECT DEPENO FROM EMP WHERE SAL = (SELECT MAX(SAL) FROM EMP WHERE SAL < (SELECT MAX(SAL) FROM EMP)))
                       *
ERROR at line 3:
ORA-00904: "DEPENO": invalid identifier 


SQL> SELECT DNAME FROM DEPT WHERE DEPTNO = (SELECT DEPENO FROM EMP WHERE SAL = (SELECT MAX(SAL) FROM EMP WHERE SAL < (SELECT MAX(SAL) FROM EMP)));
SELECT DNAME FROM DEPT WHERE DEPTNO = (SELECT DEPENO FROM EMP WHERE SAL = (SELECT MAX(SAL) FROM EMP WHERE SAL < (SELECT MAX(SAL) FROM EMP)))
                                              *
ERROR at line 1:
ORA-00904: "DEPENO": invalid identifier 


SQL> SELECT DNAME FROM DEPT WHERE DEPTNO = (SELECT DEPTNO FROM EMP WHERE SAL = (SELECT MAX(SAL) FROM EMP WHERE SAL < (SELECT MAX(SAL) FROM EMP)));
SELECT DNAME FROM DEPT WHERE DEPTNO = (SELECT DEPTNO FROM EMP WHERE SAL = (SELECT MAX(SAL) FROM EMP WHERE SAL < (SELECT MAX(SAL) FROM EMP)))
                                       *
ERROR at line 1:
ORA-01427: single-row subquery returns more than one row 


SQL> SELECT DNAME FROM DEPT WHERE DEPTNO IN (SELECT DEPTNO FROM EMP WHERE SAL = (SELECT MAX(SAL) FROM EMP WHERE SAL < (SELECT MAX(SAL) FROM EMP)));

DNAME                                                                                                                                                                                                                                                                                                                                                                                                                                                                                                                                                                                                                                                                                                                                                                                                                                                                                                                                                                                                                                   
--------------                                                                                                                                                                                                                                                                                                                                                                                                                                                                                                                                                                                                                                                                                                                                                                                                                                                                                                                                                                                                                          
RESEARCH                                                                                                                                                                                                                                                                                                                                                                                                                                                                                                                                                                                                                                                                                                                                                                                                                                                                                                                                                                                                                                

SQL> SPOOL OFF
